0    [main] DEBUG org.vagabond.commandline.loader.CommandLineLoader  - Command line args are: <'--validate-only','--output','map','-f','./resource/exampleScenarios/Amalgam/amalgam4.xml'>
367  [main] DEBUG org.vagabond.mapping.model.ModelLoader  - validate mapping scenario
539  [main] DEBUG org.vagabond.commandline.loader.CommandLineLoader  - Command line args are: <'--validate-only','--output','map','-f','./resource/exampleScenarios/Amalgam/amalgam4.xml'>
################# NAME OF MAPPING ##########################
Name: 
################# SOURCE AND TARGET SCHEMA #################
Source:
	author(AID, Name, Affiliations);
	descriptor(DID, Descriptor);
	location(LID, CountryPub, CountryOrigin);
	publication(PID, Title, TitleExt, Abstract, AbstractInd, Language, Journal, JournalAnn, ConfInfo, Book, Category);
	record(RID, Availability, UpdateCode, NumRef, ContractNum, ISSN, ISBN, Nodes, Subfile, Source, Series, AccessionNum);
	Described(PID, DID);
	Located(PID, LID);
	Recorded(PID, RID);
	Written(AID, PID);
Target:
	Dummy(test);

############### MAPPINGS ################################

############### PK CONSTRAINTS ##########################

## SOURCE SCHEMA
# author(AID)
# descriptor(DID)
# location(LID)
# publication(PID)
# record(RID)
# Described(PID, DID)
# Located(PID, LID)
# Recorded(PID, RID)
# Written(AID, PID)

## TARGET SCHEMA

############### FK CONSTRAINTS ##########################

## SOURCE SCHEMA
# Described(PID) -> publication(PID)
# Described(DID) -> descriptor(DID)
# Located(PID) -> publication(PID)
# Located(LID) -> location(LID)
# Recorded(PID) -> publication(PID)
# Recorded(RID) -> record(RID)
# Written(PID) -> publication(PID)
# Written(AID) -> author(AID)

## TARGET SCHEMA

