################# NAME OF MAPPING ##########################
Name: DBLP to Amalgam1
################# SOURCE AND TARGET SCHEMA #################
Source:
	DInProceedings(pid, title, pages, booktitle, url, cdrom, month, year);
	DArticle(pid, title, pages, cdrom, month, year, volume, journal, number, url);
	DBook(pid, editor, title, publisher, year, isbn, cdrom, citel, url);
	MasterThesis(author, title, year, school);
	PhDThesis(author, title, year, series, number, month, school, publisher, isbn);
	WWW(pid, title, year, url);
	PubAuthors(pid, author);
Target:
	InProceedings(inprocID, title, bktitle, year, month, pages, vol, num, loc, class, note, annote);
	Article(articleID, title, journal, year, month, pages, vol, num, loc, class, note, annote);
	TechReport(techID, title, inst, year, month, pages, vol, num, loc, class, note, annote);
	Book(bookID, title, publisher, year, month, pages, vol, num, loc, class, note, annote);
	InCollection(collID, title, bktitle, year, month, pages, vol, num, loc, class, note, annote);
	Misc(miscID, title, howpub, confloc, year, month, pages, vol, num, loc, class, note, annote);
	Manual(manID, title, org, year, month, pages, vol, num, loc, class, note, annote);
	Author(AuthID, name);
	InprocPublished(inprocID, AuthID);
	ArticlePublished(articleID, AuthID);
	TechPublished(techID, AuthID);
	BookPublished(bookID, AuthID);
	InCollPublished(collID, AuthID);
	MiscPublished(miscID, AuthID);
	ManualPublished(manID, AuthID);

############### MAPPINGS ################################
# --------- Mapping M1 -------
DInProceedings(pid, title, pages, booktitle, url, cdrom, month, year) -> InProceedings(SK1(pid), title, booktitle, year, month, pages, SK2(booktitle, year), SK3(booktitle, year, month), SK4(booktitle, year, month), SK6(pid), SK7(pid), SK8(pid))
# --------- Mapping M2 -------
DInProceedings(pid, title, pages, booktitle, url, cdrom, month, year) & PubAuthors(pid, author) -> InprocPublished(SK9(pid), SK10(author)) & Author(SK10(author), author) & InProceedings(SK1(pid), title, booktitle, year, month, pages, SK2(booktitle, year), SK3(booktitle, year, month), SK4(booktitle, year, month), SK6(pid), SK7(pid), SK8(pid))
# --------- Mapping M3 -------
WWW(pid, title, year, url) -> Misc(SK11(pid), title, SK12(pid), SK13(pid), year, SK14(pid), SK15(pid), SK16(pid), SK17(pid), SK18(pid), SK19(pid), SK20(pid), SK21(pid))
# --------- Mapping M4 -------
WWW(pid, title, year, url) & PubAuthors(pid, author) -> MiscPublished(SK11(pid), SK10(author)) & Author(SK10(author), author) & Misc(SK11(pid), title, SK12(pid), SK13(pid), year, SK14(pid), SK15(pid), SK16(pid), SK17(pid), SK18(pid), SK19(pid), SK20(pid), SK21(pid))
# --------- Mapping M5 -------
DArticle(pid, title, pages, cdrom, month, year, volume, journal, number, url) -> Article(SK22(pid), title, journal, year, month, pages, volume, number, SK23(pid), SK24(pid), SK25(pid), SK26(pid))
# --------- Mapping M6 -------
DArticle(pid, title, pages, cdrom, month, year, volume, journal, number, url) & PubAuthors(pid, author) -> ArticlePublished(SK22(pid), SK10(author)) & Author(SK10(author), author) & Article(SK22(pid), title, journal, year, month, pages, volume, number, SK23(pid), SK24(pid), SK25(pid), SK26(pid))
# --------- Mapping M7 -------
DBook(pid, editor, title, publisher, year, isbn, cdrom, cite, url) -> Book(SK27(pid), title, publisher, year, SK28(pid), SK29(pid), SK30(pid), SK31(pid), SK32(pid), SK33(pid), SK34(pid), SK35(pid))
# --------- Mapping M8 -------
DBook(pid, editor, title, publisher, year, isbn, cdrom, cite, url) & PubAuthors(pid, author) -> BookPublished(SK27(pid), SK10(author)) & Author(SK10(author), author) & Book(SK27(pid), title, publisher, year, SK28(pid), SK29(pid), SK30(pid), SK31(pid), SK32(pid), SK33(pid), SK34(pid), SK35(pid))
# --------- Mapping M9 -------
PhDThesis(author, title, year, series, number, month, school, publisher, isbn) -> MiscPublished(SK36(author, title), SK10(author)) & Author(SK10(author), author) & Misc(SK36(author, title), title, SK37(author, title), SK38(author, title), year, month, SK39(author, title), SK40(author, title), number, SK41(author, title), SK42(author, title), SK43(author, title), school)
# --------- Mapping M10 -------
MasterThesis(author, title, year, school) -> MiscPublished(SK44(author, title), SK10(author)) & Author(SK10(author), author) & Misc(SK44(author, title), title, SK45(author, title), SK46(author, title), year, SK47(author, title), SK48(author, title), SK49(author, title), SK50(author, title), SK51(author, title), SK52(author, title), SK53(author, title), school)

############### PK CONSTRAINTS ##########################

## SOURCE SCHEMA
# DInProceedings(pid)
# DArticle(pid)
# DBook(pid)
# MasterThesis(author, title)
# PhDThesis(author, title)
# WWW(pid)
# PubAuthors(pid, author)

## TARGET SCHEMA
# InProceedings(inprocID)
# Article(articleID)
# TechReport(techID)
# Book(bookID)
# InCollection(collID)
# Misc(miscID)
# Manual(manID)
# Author(AuthID)
# InprocPublished(inprocID, AuthID)
# ArticlePublished(articleID, AuthID)
# TechPublished(techID, AuthID)
# BookPublished(bookID, AuthID)
# InCollPublished(collID, AuthID)
# MiscPublished(miscID, AuthID)
# ManualPublished(manID, AuthID)

############### FK CONSTRAINTS ##########################

## SOURCE SCHEMA

## TARGET SCHEMA
# InprocPublished(inprocID) -> InProceedings(inprocID)
# InprocPublished(AuthID) -> Author(AuthID)
# ArticlePublished(articleID) -> Article(articleID)
# ArticlePublished(AuthID) -> Author(AuthID)
# TechPublished(techID) -> TechReport(techID)
# TechPublished(AuthID) -> Author(AuthID)
# BookPublished(bookID) -> Book(bookID)
# BookPublished(AuthID) -> Author(AuthID)
# InCollPublished(collID) -> InCollection(collID)
# BookPublished(AuthID) -> Author(AuthID)
# MiscPublished(miscID) -> Misc(miscID)
# MiscPublished(AuthID) -> Author(AuthID)
# ManualPublished(manID) -> Manual(manID)
# ManualPublished(AuthID) -> Author(AuthID)

